<html>
<body>
<pre>
<h1>µVision Build Log</h1>
<h2>Tool Versions:</h2>
IDE-Version: ¦ÌVision V5.14.0.0
Copyright (C) 2015 ARM Ltd and ARM Germany GmbH. All rights reserved.
License Information: ran chuan, aa, LIC=MGX63-AAE8U-UKKB6-D65L0-KFD8L-Y1ICA
 
Tool Versions:
Toolchain:       MDK-ARM Professional  Version: 5.14.0.0
Toolchain Path:  D:\Keil_v5\ARM\ARMCC\Bin
C Compiler:      Armcc.exe V5.05 update 1 (build 106)
Assembler:       Armasm.exe V5.05 update 1 (build 106)
Linker/Locator:  ArmLink.exe V5.05 update 1 (build 106)
Library Manager: ArmAr.exe V5.05 update 1 (build 106)
Hex Converter:   FromElf.exe V5.05 update 1 (build 106)
CPU DLL:         SARMCM3.DLL V5.14.0.0
Dialog DLL:      TARMSTM.dll V1.64.0.0
Target DLL:      Segger\JL2CM3.dll V2.99.13.0
Dialog DLL:      TARMSTM.dll V1.64.0.0
 
<h2>Project:</h2>
F:\´¨~\GitHub\WK_JZQ_V2.3\USER\UCOSII-1.uvprojx
Project File Date:  01/10/2019

<h2>Output:</h2>
Rebuild target 'WK_JZQ'
compiling main.c...
compiling stm32f10x_it.c...
compiling system_stm32f10x.c...
compiling key.c...
compiling LCD.c...
compiling light.c...
compiling relay.c...
compiling rf.c...
compiling stmflash.c...
compiling W5500.c...
compiling malloc.c...
compiling beep.c...
compiling fats.c...
compiling MMC_SD.C...
compiling spi.c...
compiling flash.c...
compiling crc8_16.c...
compiling cJSON.c...
compiling file.c...
compiling data_map.c...
compiling dhcp.c...
compiling enternet.c...
compiling wk_json.c...
compiling data_type.c...
compiling power.c...
compiling dns.c...
compiling baidu_iot.c...
compiling os_cpu_c.c...
assembling os_cpu_a.asm...
..\UCOSII\PORT\os_cpu_a.asm(212): warning: A1581W: Added 2 bytes of padding at address 0x96
compiling os_msg.c...
compiling os_task.c...
compiling os_mem.c...
compiling os_sys.c...
compiling os_fats.c...
compiling my_key.c...
compiling my_lcd.c...
compiling my_light.c...
compiling my_rf.c...
compiling my_w5500.c...
compiling my_cfg.c...
compiling my_messeg.c...
compiling my_autocontrol.c...
compiling my_debug.c...
compiling my_iot.c...
compiling my_lcd_new.c...
compiling my_rf_new.c...
compiling my_light_new.c...
compiling sys.c...
compiling delay.c...
compiling core_cm3.c...
assembling startup_stm32f10x_hd.s...
compiling stm32f10x_gpio.c...
compiling stm32f10x_rcc.c...
compiling stm32f10x_usart.c...
compiling misc.c...
compiling stm32f10x_flash.c...
compiling stm32f10x_tim.c...
compiling stm32f10x_spi.c...
compiling stm32f10x_exti.c...
compiling MQTTConnectClient.c...
compiling MQTTConnectServer.c...
compiling MQTTDeserializePublish.c...
compiling MQTTFormat.c...
compiling MQTTPacket.c...
compiling MQTTSerializePublish.c...
compiling MQTTSubscribeClient.c...
compiling MQTTSubscribeServer.c...
compiling MQTTUnsubscribeClient.c...
compiling MQTTUnsubscribeServer.c...
linking...
Program Size: Code=59684 RO-data=1956 RW-data=452 ZI-data=8484  
FromELF: creating hex file...
"..\OBJ\UCOSII-1.axf" - 0 Error(s), 1 Warning(s).

<h2>Collection of Component include folders:</h2>
  F:\´¨~\GitHub\WK_JZQ_V2.3\USER\RTE
  D:\Keil_v5\ARM\PACK\Keil\STM32F1xx_DFP\1.0.5\Device\Include

<h2>Collection of Component Files used:</h2>
</pre>
</body>
</html>
